Flow report for CPU
Fri Oct 21 14:08:04 2022
Quartus Prime Version 21.1.1 Build 850 06/23/2022 SJ Lite Edition


---------------------
; Table of Contents ;
---------------------
  1. Legal Notice
  2. Flow Summary
  3. Flow Settings
  4. Flow Non-Default Global Settings
  5. Flow Elapsed Time
  6. Flow OS Summary
  7. Flow Log
  8. Flow Messages
  9. Flow Suppressed Messages



----------------
; Legal Notice ;
----------------
Copyright (C) 2022  Intel Corporation. All rights reserved.
Your use of Intel Corporation's design tools, logic functions 
and other software and tools, and any partner logic 
functions, and any output files from any of the foregoing 
(including device programming or simulation files), and any 
associated documentation or information are expressly subject 
to the terms and conditions of the Intel Program License 
Subscription Agreement, the Intel Quartus Prime License Agreement,
the Intel FPGA IP License Agreement, or other applicable license
agreement, including, without limitation, that your use is for
the sole purpose of programming logic devices manufactured by
Intel and sold by Intel or its authorized distributors.  Please
refer to the applicable agreement for further details, at
https://fpgasoftware.intel.com/eula.



+----------------------------------------------------------------------------------+
; Flow Summary                                                                     ;
+------------------------------------+---------------------------------------------+
; Flow Status                        ; Successful - Fri Oct 21 14:08:04 2022       ;
; Quartus Prime Version              ; 21.1.1 Build 850 06/23/2022 SJ Lite Edition ;
; Revision Name                      ; CPU                                         ;
; Top-level Entity Name              ; CPU                                         ;
; Family                             ; Cyclone IV E                                ;
; Device                             ; EP4CE115F29C7                               ;
; Timing Models                      ; Final                                       ;
; Total logic elements               ; 3,383 / 114,480 ( 3 % )                     ;
;     Total combinational functions  ; 2,421 / 114,480 ( 2 % )                     ;
;     Dedicated logic registers      ; 2,225 / 114,480 ( 2 % )                     ;
; Total registers                    ; 2225                                        ;
; Total pins                         ; 306 / 529 ( 58 % )                          ;
; Total virtual pins                 ; 0                                           ;
; Total memory bits                  ; 0 / 3,981,312 ( 0 % )                       ;
; Embedded Multiplier 9-bit elements ; 6 / 532 ( 1 % )                             ;
; Total PLLs                         ; 0 / 4 ( 0 % )                               ;
+------------------------------------+---------------------------------------------+


+-----------------------------------------+
; Flow Settings                           ;
+-------------------+---------------------+
; Option            ; Setting             ;
+-------------------+---------------------+
; Start date & time ; 10/21/2022 14:02:29 ;
; Main task         ; Compilation         ;
; Revision Name     ; CPU                 ;
+-------------------+---------------------+


+-------------------------------------------------------------------------------------------------------------------------------------+
; Flow Non-Default Global Settings                                                                                                    ;
+--------------------------------------------+----------------------------------------+--------------------+-------------+------------+
; Assignment Name                            ; Value                                  ; Default Value      ; Entity Name ; Section Id ;
+--------------------------------------------+----------------------------------------+--------------------+-------------+------------+
; COMPILER_SIGNATURE_ID                      ; 167690720999921.166637174915790        ; --                 ; --          ; --         ;
; MAX_CORE_JUNCTION_TEMP                     ; 85                                     ; --                 ; --          ; --         ;
; MIN_CORE_JUNCTION_TEMP                     ; 0                                      ; --                 ; --          ; --         ;
; NOMINAL_CORE_SUPPLY_VOLTAGE                ; 1.2V                                   ; --                 ; --          ; --         ;
; OPTIMIZE_HOLD_TIMING                       ; Off                                    ; All Paths          ; --          ; --         ;
; OPTIMIZE_IOC_REGISTER_PLACEMENT_FOR_TIMING ; Off                                    ; Normal             ; --          ; --         ;
; OPTIMIZE_MULTI_CORNER_TIMING               ; Off                                    ; On                 ; --          ; --         ;
; OPTIMIZE_TIMING                            ; Off                                    ; Normal compilation ; --          ; --         ;
; OUTPUT_IO_TIMING_FAR_END_VMEAS             ; Half Signal Swing                      ; --                 ; --          ; --         ;
; OUTPUT_IO_TIMING_FAR_END_VMEAS             ; Half Signal Swing                      ; --                 ; --          ; --         ;
; OUTPUT_IO_TIMING_NEAR_END_VMEAS            ; Half Vccio                             ; --                 ; --          ; --         ;
; OUTPUT_IO_TIMING_NEAR_END_VMEAS            ; Half Vccio                             ; --                 ; --          ; --         ;
; PARTITION_COLOR                            ; -- (Not supported for targeted family) ; --                 ; --          ; Top        ;
; PARTITION_FITTER_PRESERVATION_LEVEL        ; -- (Not supported for targeted family) ; --                 ; --          ; Top        ;
; PARTITION_NETLIST_TYPE                     ; -- (Not supported for targeted family) ; --                 ; --          ; Top        ;
; POWER_BOARD_THERMAL_MODEL                  ; None (CONSERVATIVE)                    ; --                 ; --          ; --         ;
; POWER_PRESET_COOLING_SOLUTION              ; 23 MM HEAT SINK WITH 200 LFPM AIRFLOW  ; --                 ; --          ; --         ;
; PROJECT_OUTPUT_DIRECTORY                   ; output_files                           ; --                 ; --          ; --         ;
+--------------------------------------------+----------------------------------------+--------------------+-------------+------------+


+--------------------------------------------------------------------------------------------------------------------------+
; Flow Elapsed Time                                                                                                        ;
+----------------------+--------------+-------------------------+---------------------+------------------------------------+
; Module Name          ; Elapsed Time ; Average Processors Used ; Peak Virtual Memory ; Total CPU Time (on all processors) ;
+----------------------+--------------+-------------------------+---------------------+------------------------------------+
; Analysis & Synthesis ; 00:01:04     ; 1.0                     ; 444 MB              ; 00:00:34                           ;
; Fitter               ; 00:00:46     ; 1.0                     ; 1001 MB             ; 00:00:33                           ;
; Assembler            ; 00:00:24     ; 1.0                     ; 378 MB              ; 00:00:04                           ;
; Timing Analyzer      ; 00:00:50     ; 1.0                     ; 616 MB              ; 00:00:10                           ;
; EDA Netlist Writer   ; 00:00:07     ; 1.0                     ; 622 MB              ; 00:00:01                           ;
; EDA Netlist Writer   ; 00:00:22     ; 1.0                     ; 631 MB              ; 00:00:02                           ;
; Total                ; 00:03:33     ; --                      ; --                  ; 00:01:24                           ;
+----------------------+--------------+-------------------------+---------------------+------------------------------------+


+----------------------------------------------------------------------------------------+
; Flow OS Summary                                                                        ;
+----------------------+------------------+----------------+------------+----------------+
; Module Name          ; Machine Hostname ; OS Name        ; OS Version ; Processor type ;
+----------------------+------------------+----------------+------------+----------------+
; Analysis & Synthesis ; gabriel-linux    ; Ubuntu 20.04.4 ; 20         ; x86_64         ;
; Fitter               ; gabriel-linux    ; Ubuntu 20.04.4 ; 20         ; x86_64         ;
; Assembler            ; gabriel-linux    ; Ubuntu 20.04.4 ; 20         ; x86_64         ;
; Timing Analyzer      ; gabriel-linux    ; Ubuntu 20.04.4 ; 20         ; x86_64         ;
; EDA Netlist Writer   ; gabriel-linux    ; Ubuntu 20.04.4 ; 20         ; x86_64         ;
; EDA Netlist Writer   ; gabriel-linux    ; Ubuntu 20.04.4 ; 20         ; x86_64         ;
+----------------------+------------------+----------------+------------+----------------+


------------
; Flow Log ;
------------
quartus_map --read_settings_files=on --write_settings_files=off CPU -c CPU
quartus_fit --read_settings_files=off --write_settings_files=off CPU -c CPU
quartus_asm --read_settings_files=off --write_settings_files=off CPU -c CPU
quartus_sta CPU -c CPU
quartus_eda --gen_testbench --tool=modelsim_oem --format=verilog --write_settings_files=off CPU -c CPU --vector_source=/media/gabriel/GABRIELB/PROCESSADOR-GIT/Processador/Waveform.vwf --testbench_file=/media/gabriel/GABRIELB/PROCESSADOR-GIT/Processador/simulation/qsim/Waveform.vwf.vt
quartus_eda --write_settings_files=off --simulation=on --functional=on --flatten_buses=off --tool=modelsim_oem --format=verilog --output_directory=/media/gabriel/GABRIELB/PROCESSADOR-GIT/Processador/simulation/qsim/ CPU -c CPU



