------------------------------------------------------------
Timing Analyzer Summary
------------------------------------------------------------

Type  : Slow 1200mV 85C Model Setup 'divClk:comb_3|saidaClk'
Slack : -33.721
TNS   : -52443.974

Type  : Slow 1200mV 85C Model Setup 'KEY[3]'
Slack : -16.590
TNS   : -489.645

Type  : Slow 1200mV 85C Model Setup 'CLOCK_50'
Slack : -5.557
TNS   : -5.557

Type  : Slow 1200mV 85C Model Hold 'KEY[3]'
Slack : -14.403
TNS   : -419.678

Type  : Slow 1200mV 85C Model Hold 'CLOCK_50'
Slack : -3.782
TNS   : -3.782

Type  : Slow 1200mV 85C Model Hold 'divClk:comb_3|saidaClk'
Slack : 0.427
TNS   : 0.000

Type  : Slow 1200mV 85C Model Minimum Pulse Width 'KEY[3]'
Slack : -3.902
TNS   : -1126.752

Type  : Slow 1200mV 85C Model Minimum Pulse Width 'CLOCK_50'
Slack : -3.000
TNS   : -4.285

Type  : Slow 1200mV 85C Model Minimum Pulse Width 'divClk:comb_3|saidaClk'
Slack : -1.285
TNS   : -2857.840

Type  : Slow 1200mV 0C Model Setup 'divClk:comb_3|saidaClk'
Slack : -30.806
TNS   : -47244.938

Type  : Slow 1200mV 0C Model Setup 'KEY[3]'
Slack : -15.689
TNS   : -462.500

Type  : Slow 1200mV 0C Model Setup 'CLOCK_50'
Slack : -4.930
TNS   : -4.930

Type  : Slow 1200mV 0C Model Hold 'KEY[3]'
Slack : -13.098
TNS   : -382.047

Type  : Slow 1200mV 0C Model Hold 'CLOCK_50'
Slack : -3.458
TNS   : -3.458

Type  : Slow 1200mV 0C Model Hold 'divClk:comb_3|saidaClk'
Slack : 0.393
TNS   : 0.000

Type  : Slow 1200mV 0C Model Minimum Pulse Width 'KEY[3]'
Slack : -3.867
TNS   : -1028.471

Type  : Slow 1200mV 0C Model Minimum Pulse Width 'CLOCK_50'
Slack : -3.000
TNS   : -4.285

Type  : Slow 1200mV 0C Model Minimum Pulse Width 'divClk:comb_3|saidaClk'
Slack : -1.285
TNS   : -2857.840

Type  : Fast 1200mV 0C Model Setup 'divClk:comb_3|saidaClk'
Slack : -18.066
TNS   : -27828.486

Type  : Fast 1200mV 0C Model Setup 'KEY[3]'
Slack : -8.102
TNS   : -237.328

Type  : Fast 1200mV 0C Model Setup 'CLOCK_50'
Slack : -2.208
TNS   : -2.208

Type  : Fast 1200mV 0C Model Hold 'KEY[3]'
Slack : -7.659
TNS   : -224.842

Type  : Fast 1200mV 0C Model Hold 'CLOCK_50'
Slack : -2.075
TNS   : -2.075

Type  : Fast 1200mV 0C Model Hold 'divClk:comb_3|saidaClk'
Slack : 0.011
TNS   : 0.000

Type  : Fast 1200mV 0C Model Minimum Pulse Width 'KEY[3]'
Slack : -3.000
TNS   : -497.500

Type  : Fast 1200mV 0C Model Minimum Pulse Width 'CLOCK_50'
Slack : -3.000
TNS   : -4.000

Type  : Fast 1200mV 0C Model Minimum Pulse Width 'divClk:comb_3|saidaClk'
Slack : -1.000
TNS   : -2224.000

------------------------------------------------------------
